{
  "ok": true,
  "result": {
    "sessionPath": "artifacts\\workflow-a-formal\\20260701T222019+0800\\supervised-e2e\\session.json",
    "requestDraftPath": "artifacts\\workflow-a-formal\\20260701T222019+0800\\supervised-e2e\\request-draft.json",
    "requestDraft": {
      "apiVersion": "ahra.dev/v1alpha1",
      "kind": "RequestDraft",
      "metadata": {
        "requestId": "REQ-fb0bcb7ad3fa1079",
        "intentId": "INTENT-PHASE1-EXAMPLE",
        "producerActor": "agent:workflow-a-formal-supervisor",
        "name": "phase1-phase1-example",
        "idempotencyKey": "phase1-phase1-example-001"
      },
      "spec": {
        "profileRef": "profile/m1-deterministic@sha256:aaaaaaaaaaaaaaaaaaaaaaaaaaaaaaaaaaaaaaaaaaaaaaaaaaaaaaaaaaaaaaaa",
        "workspaceRef": "D:\\Work\\ahra-v0.1-starter\\artifacts\\workflow-a-formal\\20260701T222019+0800\\supervised-e2e\\workspace",
        "artifactDir": "D:\\Work\\ahra-v0.1-starter\\artifacts\\workflow-a-formal\\20260701T222019+0800\\supervised-e2e\\artifacts",
        "store": {
          "kind": "sqlite",
          "path": "D:\\Work\\ahra-v0.1-starter\\artifacts\\workflow-a-formal\\20260701T222019+0800\\supervised-e2e\\goal-control.sqlite3"
        },
        "planner": {
          "adapterRef": "planner/inline-plan-draft@sha256:bbbbbbbbbbbbbbbbbbbbbbbbbbbbbbbbbbbbbbbbbbbbbbbbbbbbbbbbbbbbbbbb"
        },
        "executor": {
          "adapterRef": "executor/deterministic-file-effect@sha256:cccccccccccccccccccccccccccccccccccccccccccccccccccccccccccccccc"
        },
        "gateRunner": {
          "adapterRef": "gate-runner/deterministic@sha256:dddddddddddddddddddddddddddddddddddddddddddddddddddddddddddddddd"
        },
        "runtime": {
          "runtimeRef": "runtime/local-goal@sha256:eeeeeeeeeeeeeeeeeeeeeeeeeeeeeeeeeeeeeeeeeeeeeeeeeeeeeeeeeeeeeeee",
          "digest": "sha256:eeeeeeeeeeeeeeeeeeeeeeeeeeeeeeeeeeeeeeeeeeeeeeeeeeeeeeeeeeeeeeee"
        },
        "goal": {
          "goalRef": "GOAL-PHASE1-EXAMPLE-ALIGNED",
          "goalDigest": "sha256:b65b71a18457685c59f36bc92286d649c2a9db338713113adbbd2333e23d235c",
          "claimGraphDigest": "sha256:9f6d5212c1973717466fe92468da59abbd5193157dc56fe39b5c0254ef5fc5a6",
          "requiredClaimRefs": [
            "CLAIM-summary-artifact"
          ]
        },
        "claimGraph": {
          "apiVersion": "ahra.dev/v1alpha1",
          "kind": "ClaimGraph",
          "metadata": {
            "name": "phase1-example-aligned",
            "goalId": "GOAL-PHASE1-EXAMPLE-ALIGNED",
            "version": 1
          },
          "spec": {
            "goalRef": "GOAL-PHASE1-EXAMPLE-ALIGNED",
            "claims": [
              {
                "id": "CLAIM-summary-artifact",
                "type": "functional",
                "statement": "A deterministic summary artifact is produced in the local workspace.",
                "criterionRefs": [
                  "CRIT-summary-artifact"
                ],
                "dependsOn": [],
                "riskLevel": "R1",
                "required": true,
                "requiredEvidenceKinds": [
                  "artifact"
                ],
                "gateRefs": [
                  "GATE-alignment-objective"
                ],
                "approvalRequired": false
              }
            ]
          }
        },
        "registry": {
          "nodeTypes": {
            "bounded_task": "sha256:1111111111111111111111111111111111111111111111111111111111111111",
            "goal_verification": "sha256:2222222222222222222222222222222222222222222222222222222222222222"
          },
          "gateRefs": {
            "GATE-alignment-complete": "sha256:4444444444444444444444444444444444444444444444444444444444444444",
            "GATE-alignment-objective": "sha256:3333333333333333333333333333333333333333333333333333333333333333"
          },
          "runtimeRefs": {
            "runtime/local-goal@sha256:eeeeeeeeeeeeeeeeeeeeeeeeeeeeeeeeeeeeeeeeeeeeeeeeeeeeeeeeeeeeeeee": "sha256:eeeeeeeeeeeeeeeeeeeeeeeeeeeeeeeeeeeeeeeeeeeeeeeeeeeeeeeeeeeeeeee"
          },
          "allowedCapabilities": [
            "filesystem.write"
          ]
        },
        "capabilityPolicies": {},
        "execution": {
          "maxRepairCycles": 0,
          "maxConcurrency": 1,
          "branch": "main"
        },
        "planDraft": {
          "apiVersion": "ahra.dev/v1alpha1",
          "kind": "PlanDraft",
          "metadata": {
            "goalId": "GOAL-PHASE1-EXAMPLE-ALIGNED",
            "proposedBy": "planner/workflow-a-cli-fixture"
          },
          "spec": {
            "rationale": "Single bounded node writes the requested summary artifact.",
            "nodes": [
              {
                "id": "NODE-write-summary",
                "nodeType": "bounded_task",
                "objective": "Write the governed deterministic summary artifact.",
                "claimRefs": [
                  "CLAIM-summary-artifact"
                ],
                "dependsOn": [],
                "inputRefs": [],
                "expectedOutputs": [
                  {
                    "name": "summary-artifact",
                    "schemaRef": "ahra/artifact/text/0.1",
                    "consumerNodeRefs": [
                      "NODE-goal-verification"
                    ],
                    "artifactRequired": true
                  }
                ],
                "capabilityRequests": [
                  {
                    "capability": "filesystem.write",
                    "resources": [
                      "outputs/summary.txt"
                    ]
                  }
                ],
                "gateRefs": [
                  "GATE-alignment-objective"
                ],
                "budgetRequest": {
                  "maxModelCalls": 1,
                  "maxToolCalls": 2,
                  "maxSpawnedNodes": 0,
                  "maxWallSeconds": 60,
                  "maxCostUsd": 0.0
                },
                "retryPolicy": {
                  "maxAttempts": 1,
                  "retryableFailureClasses": [],
                  "idempotencyKeyRequired": false
                },
                "sideEffect": "idempotent",
                "terminalGoalVerification": false,
                "runtimeRef": "runtime/local-goal@sha256:eeeeeeeeeeeeeeeeeeeeeeeeeeeeeeeeeeeeeeeeeeeeeeeeeeeeeeeeeeeeeeee",
                "timeoutSeconds": 60
              },
              {
                "id": "NODE-goal-verification",
                "nodeType": "goal_verification",
                "objective": "Verify the summary artifact satisfies the frozen requirement.",
                "claimRefs": [
                  "CLAIM-summary-artifact"
                ],
                "dependsOn": [
                  "NODE-write-summary"
                ],
                "inputRefs": [
                  "NODE-write-summary"
                ],
                "expectedOutputs": [],
                "capabilityRequests": [],
                "gateRefs": [
                  "GATE-alignment-complete"
                ],
                "budgetRequest": {
                  "maxModelCalls": 1,
                  "maxToolCalls": 1,
                  "maxSpawnedNodes": 0,
                  "maxWallSeconds": 30,
                  "maxCostUsd": 0.0
                },
                "retryPolicy": {
                  "maxAttempts": 1,
                  "retryableFailureClasses": [],
                  "idempotencyKeyRequired": false
                },
                "sideEffect": "idempotent",
                "terminalGoalVerification": true,
                "runtimeRef": "runtime/local-goal@sha256:eeeeeeeeeeeeeeeeeeeeeeeeeeeeeeeeeeeeeeeeeeeeeeeeeeeeeeeeeeeeeeee",
                "timeoutSeconds": 30
              }
            ]
          }
        }
      }
    },
    "approvalPath": "artifacts\\workflow-a-formal\\20260701T222019+0800\\supervised-e2e\\approval.json",
    "approval": {
      "approvalId": "APR-fb0bcb7ad3fa1079",
      "requestId": "REQ-fb0bcb7ad3fa1079",
      "intentId": "INTENT-PHASE1-EXAMPLE",
      "producerActor": "agent:workflow-a-formal-supervisor",
      "status": "waiting_auth",
      "requestedBy": "agent:workflow-a-formal-supervisor",
      "requestedAt": "2026-07-01T14:23:11.442678Z",
      "decisionBy": null,
      "decidedAt": null,
      "reason": "RequestDraft is waiting for human authorization."
    }
  }
}
