Exception in thread Thread-44 (_readerthread):
Traceback (most recent call last):
  File "C:\Users\SkyUser\AppData\Roaming\uv\python\cpython-3.12-windows-x86_64-none\Lib\threading.py", line 1075, in _bootstrap_inner
    self.run()
  File "C:\Users\SkyUser\AppData\Roaming\uv\python\cpython-3.12-windows-x86_64-none\Lib\threading.py", line 1012, in run
    self._target(*self._args, **self._kwargs)
  File "C:\Users\SkyUser\AppData\Roaming\uv\python\cpython-3.12-windows-x86_64-none\Lib\subprocess.py", line 1599, in _readerthread
    buffer.append(fh.read())
                  ^^^^^^^^^
UnicodeDecodeError: 'gbk' codec can't decode byte 0x88 in position 274972: illegal multibyte sequence
Exception in thread Thread-71 (_readerthread):
Traceback (most recent call last):
  File "C:\Users\SkyUser\AppData\Roaming\uv\python\cpython-3.12-windows-x86_64-none\Lib\threading.py", line 1075, in _bootstrap_inner
    self.run()
  File "C:\Users\SkyUser\AppData\Roaming\uv\python\cpython-3.12-windows-x86_64-none\Lib\threading.py", line 1012, in run
    self._target(*self._args, **self._kwargs)
  File "C:\Users\SkyUser\AppData\Roaming\uv\python\cpython-3.12-windows-x86_64-none\Lib\subprocess.py", line 1599, in _readerthread
    buffer.append(fh.read())
                  ^^^^^^^^^
UnicodeDecodeError: 'gbk' codec can't decode byte 0x88 in position 285777: illegal multibyte sequence
Exception in thread Thread-73 (_readerthread):
Traceback (most recent call last):
  File "C:\Users\SkyUser\AppData\Roaming\uv\python\cpython-3.12-windows-x86_64-none\Lib\threading.py", line 1075, in _bootstrap_inner
    self.run()
  File "C:\Users\SkyUser\AppData\Roaming\uv\python\cpython-3.12-windows-x86_64-none\Lib\threading.py", line 1012, in run
    self._target(*self._args, **self._kwargs)
  File "C:\Users\SkyUser\AppData\Roaming\uv\python\cpython-3.12-windows-x86_64-none\Lib\subprocess.py", line 1599, in _readerthread
    buffer.append(fh.read())
                  ^^^^^^^^^
UnicodeDecodeError: 'gbk' codec can't decode byte 0x80 in position 33: illegal multibyte sequence
{
  "ok": false,
  "error": "OperationalError('unable to open database file')"
}
